TypeError: data type must be the same t: int type: float!!
