TypeError: unsupported operand type(s) for binary +: 'float' and 'int'!!
