SSyntaxError: cannot explicitly type variable 'x' while in conditional branches!!
