TypeError: invalid boolean type in 'while' statement (found int but expected bool)!!
