TypeError: expression of type int cannot be assigned to variable 'a' with explicit type str!!
