CodegenError: Continue has not been implemented for codegen!!
