TypeError: cannot cast operand of typ 'int' to type 'bool'!!
