TypeError: expression of type str cannot be assigned to variable 'a' with explicit type int!!
